

================================================================
== Vivado HLS Report for 'multiplication'
================================================================
* Date:           Tue Feb 13 11:24:08 2018

* Version:        2016.1 (Build 1538259 on Fri Apr 08 16:12:49 MDT 2016)
* Project:        multiplication_vivado
* Solution:       solution1
* Product family: virtex6
* Target device:  xc6vlx240tff1156-1


================================================================
== Performance Estimates
================================================================
+ Timing (ns): 
    * Summary: 
    +--------+-------+----------+------------+
    |  Clock | Target| Estimated| Uncertainty|
    +--------+-------+----------+------------+
    |ap_clk  |  10.00|      7.81|        1.25|
    +--------+-------+----------+------------+

+ Latency (clock cycles): 
    * Summary: 
    +-----+-----+-----+-----+---------+
    |  Latency  |  Interval | Pipeline|
    | min | max | min | max |   Type  |
    +-----+-----+-----+-----+---------+
    |    6|    6|    7|    7|   none  |
    +-----+-----+-----+-----+---------+

    + Detail: 
        * Instance: 
        N/A

        * Loop: 
        N/A



================================================================
== Utilization Estimates
================================================================
* Summary: 
+-----------------+---------+-------+--------+--------+
|       Name      | BRAM_18K| DSP48E|   FF   |   LUT  |
+-----------------+---------+-------+--------+--------+
|DSP              |        -|      -|       -|       -|
|Expression       |        -|      -|       0|      99|
|FIFO             |        -|      -|       -|       -|
|Instance         |        -|      4|       0|       0|
|Memory           |        -|      -|       -|       -|
|Multiplexer      |        -|      -|       -|       2|
|Register         |        -|      -|      72|       -|
+-----------------+---------+-------+--------+--------+
|Total            |        0|      4|      72|     101|
+-----------------+---------+-------+--------+--------+
|Available        |      832|    768|  301440|  150720|
+-----------------+---------+-------+--------+--------+
|Utilization (%)  |        0|   ~0  |   ~0   |   ~0   |
+-----------------+---------+-------+--------+--------+

+ Detail: 
    * Instance: 
    +------------------------------------+---------------------------------+---------+-------+---+----+
    |              Instance              |              Module             | BRAM_18K| DSP48E| FF| LUT|
    +------------------------------------+---------------------------------+---------+-------+---+----+
    |multiplication_mul_32s_32s_64_6_U1  |multiplication_mul_32s_32s_64_6  |        0|      4|  0|   0|
    +------------------------------------+---------------------------------+---------+-------+---+----+
    |Total                               |                                 |        0|      4|  0|   0|
    +------------------------------------+---------------------------------+---------+-------+---+----+

    * DSP48: 
    N/A

    * Memory: 
    N/A

    * FIFO: 
    N/A

    * Expression: 
    +-----------------+----------+-------+---+----+------------+------------+
    |  Variable Name  | Operation| DSP48E| FF| LUT| Bitwidth P0| Bitwidth P1|
    +-----------------+----------+-------+---+----+------------+------------+
    |icmp_fu_64_p2    |   icmp   |      0|  0|  11|          33|           1|
    |tmp_4_fu_70_p2   |   icmp   |      0|  0|  22|          64|          33|
    |tmp_2_fu_85_p2   |    or    |      0|  0|   1|           1|           1|
    |ap_return        |  select  |      0|  0|  32|           1|          32|
    |phitmp_fu_78_p3  |  select  |      0|  0|  33|           1|          31|
    +-----------------+----------+-------+---+----+------------+------------+
    |Total            |          |      0|  0|  99|         100|          98|
    +-----------------+----------+-------+---+----+------------+------------+

    * Multiplexer: 
    +-----------+----+-----------+-----+-----------+
    |    Name   | LUT| Input Size| Bits| Total Bits|
    +-----------+----+-----------+-----+-----------+
    |ap_NS_fsm  |   2|          8|    1|          8|
    +-----------+----+-----------+-----+-----------+
    |Total      |   2|          8|    1|          8|
    +-----------+----+-----------+-----+-----------+

    * Register: 
    +--------------+----+----+-----+-----------+
    |     Name     | FF | LUT| Bits| Const Bits|
    +--------------+----+----+-----+-----------+
    |ap_CS_fsm     |   7|   0|    7|          0|
    |i0_reg_108    |  64|   0|   64|          0|
    |icmp_reg_114  |   1|   0|    1|          0|
    +--------------+----+----+-----+-----------+
    |Total         |  72|   0|   72|          0|
    +--------------+----+----+-----+-----------+



================================================================
== Interface
================================================================
* Summary: 
+-----------+-----+-----+------------+----------------+--------------+
| RTL Ports | Dir | Bits|  Protocol  |  Source Object |    C Type    |
+-----------+-----+-----+------------+----------------+--------------+
|ap_clk     |  in |    1| ap_ctrl_hs | multiplication | return value |
|ap_rst     |  in |    1| ap_ctrl_hs | multiplication | return value |
|ap_start   |  in |    1| ap_ctrl_hs | multiplication | return value |
|ap_done    | out |    1| ap_ctrl_hs | multiplication | return value |
|ap_idle    | out |    1| ap_ctrl_hs | multiplication | return value |
|ap_ready   | out |    1| ap_ctrl_hs | multiplication | return value |
|ap_return  | out |   32| ap_ctrl_hs | multiplication | return value |
|a          |  in |   32|   ap_none  |        a       |    scalar    |
|b          |  in |   32|   ap_none  |        b       |    scalar    |
+-----------+-----+-----+------------+----------------+--------------+

